// Jest Snapshot v1, https://goo.gl/fbAQLP

exports[`Carbon Intensity Map should render with correct configuration 1`] = `
<div
  className="MuiPaper-root MuiCard-root makeStyles-root-1 MuiPaper-elevation1 MuiPaper-rounded"
>
  <div
    className="MuiBox-root MuiBox-root-6"
  >
    <div
      className="MuiBox-root MuiBox-root-7 makeStyles-topContainer-4"
    >
      <p
        className="MuiTypography-root makeStyles-title-2 MuiTypography-body1"
      >
        Carbon Intensity Map
      </p>
      <div
        className="MuiFormControl-root"
      >
        <div
          className="MuiInputBase-root MuiInputBase-formControl"
          data-testid="select"
          onClick={[Function]}
        >
          <div
            aria-haspopup="listbox"
            aria-labelledby="map-select"
            className="MuiSelect-root MuiSelect-select MuiSelect-selectMenu MuiSelect-outlined MuiInputBase-input WithStyles(ForwardRef(InputBase))-input-8"
            id="map-select"
            onBlur={[Function]}
            onFocus={[Function]}
            onKeyDown={[Function]}
            onMouseDown={[Function]}
            role="button"
            tabIndex={0}
          >
            AWS
          </div>
          <input
            aria-hidden={true}
            className="MuiSelect-nativeInput"
            onAnimationStart={[Function]}
            onChange={[Function]}
            required={false}
            tabIndex={-1}
            value="AWS"
          />
          <svg
            aria-hidden={true}
            className="MuiSvgIcon-root MuiSelect-icon MuiSelect-iconOutlined"
            focusable="false"
            viewBox="0 0 24 24"
          >
            <path
              d="M7 10l5 5 5-5z"
            />
          </svg>
        </div>
      </div>
    </div>
    <p
      className="MuiTypography-root makeStyles-title-2 makeStyles-cloudProvider-3 MuiTypography-body1"
    >
      AWS
    </p>
    <div
      className="MuiBox-root MuiBox-root-9"
    >
      <svg
        className="makeStyles-map-5"
        data-testid="awsIntensityMap"
      >
        AWSMap.svg
      </svg>
    </div>
  </div>
</div>
`;
