// Jest Snapshot v1, https://goo.gl/fbAQLP

exports[`CarbonComparisonCard renders with correct configuration 1`] = `
<div
  className="MuiPaper-root MuiCard-root makeStyles-root-1 MuiPaper-elevation1 MuiPaper-rounded"
  id="carbonComparisonCard"
>
  <div>
    <div
      className="MuiCardContent-root makeStyles-topContainer-5"
    >
      <p
        className="MuiTypography-root makeStyles-title-2 MuiTypography-body1 MuiTypography-gutterBottom"
      >
        Your cumulative emissions are
      </p>
      <p
        className="MuiTypography-root makeStyles-metricOne-8 MuiTypography-h4"
        data-testid="co2"
        id="metric-one"
      >
        7
         metric tons CO2e
      </p>
      <p
        className="MuiTypography-root makeStyles-posOne-3 MuiTypography-body1"
      >
        that is equivalent to
      </p>
    </div>
    <div
      className="MuiCardContent-root makeStyles-bottomContainer-6"
    >
      <div
        className="MuiCardContent-root"
      >
        <svg
          aria-hidden={true}
          className="MuiSvgIcon-root makeStyles-icon-10"
          data-testid="flightsIcon"
          focusable="false"
          viewBox="0 0 24 24"
        >
          <path
            d="M2.5 19h19v2h-19v-2zm19.57-9.36c-.21-.8-1.04-1.28-1.84-1.06L14.92 10l-6.9-6.43-1.93.51 4.14 7.17-4.97 1.33-1.97-1.54-1.45.39 2.59 4.49s7.12-1.9 16.57-4.43c.81-.23 1.28-1.05 1.07-1.85z"
          />
        </svg>
      </div>
      <div
        className="MuiCardContent-root"
      >
        <p
          className="MuiTypography-root makeStyles-posTwo-4 MuiTypography-h5"
        >
          CO2e emissions from
        </p>
        <p
          className="MuiTypography-root makeStyles-metricTwo-9 MuiTypography-h3"
          data-testid="comparison"
        >
          9
        </p>
        <p
          className="MuiTypography-root makeStyles-posTwo-4 MuiTypography-h5"
        >
          direct one way flights from NYC to London
        </p>
      </div>
    </div>
    <div
      className="MuiCardActions-root makeStyles-buttonContainer-7 MuiCardActions-spacing"
    >
      <button
        className="MuiButtonBase-root MuiButton-root MuiButton-contained MuiButton-containedPrimary"
        disabled={false}
        id="flights"
        onBlur={[Function]}
        onClick={[Function]}
        onDragLeave={[Function]}
        onFocus={[Function]}
        onKeyDown={[Function]}
        onKeyUp={[Function]}
        onMouseDown={[Function]}
        onMouseLeave={[Function]}
        onMouseUp={[Function]}
        onTouchEnd={[Function]}
        onTouchMove={[Function]}
        onTouchStart={[Function]}
        tabIndex={0}
        type="button"
      >
        <span
          className="MuiButton-label"
        >
          flights
        </span>
      </button>
      <button
        className="MuiButtonBase-root MuiButton-root MuiButton-contained"
        disabled={false}
        id="phones"
        onBlur={[Function]}
        onClick={[Function]}
        onDragLeave={[Function]}
        onFocus={[Function]}
        onKeyDown={[Function]}
        onKeyUp={[Function]}
        onMouseDown={[Function]}
        onMouseLeave={[Function]}
        onMouseUp={[Function]}
        onTouchEnd={[Function]}
        onTouchMove={[Function]}
        onTouchStart={[Function]}
        tabIndex={0}
        type="button"
      >
        <span
          className="MuiButton-label"
        >
          phones
        </span>
      </button>
      <button
        className="MuiButtonBase-root MuiButton-root MuiButton-contained"
        disabled={false}
        id="trees"
        onBlur={[Function]}
        onClick={[Function]}
        onDragLeave={[Function]}
        onFocus={[Function]}
        onKeyDown={[Function]}
        onKeyUp={[Function]}
        onMouseDown={[Function]}
        onMouseLeave={[Function]}
        onMouseUp={[Function]}
        onTouchEnd={[Function]}
        onTouchMove={[Function]}
        onTouchStart={[Function]}
        tabIndex={0}
        type="button"
      >
        <span
          className="MuiButton-label"
        >
          trees
        </span>
      </button>
    </div>
    <p
      className="MuiTypography-root makeStyles-source-11 MuiTypography-body1"
      data-testid="epa-source"
    >
      Source:
       
      <a
        className="MuiTypography-root MuiLink-root MuiLink-underlineHover makeStyles-sourceLink-12 MuiTypography-colorPrimary"
        href="https://calculator.carbonfootprint.com/calculator.aspx?tab=3"
        onBlur={[Function]}
        onFocus={[Function]}
        rel="noopener"
        target="_blank"
      >
        Flight Carbon Footprint Calculator
         
        <svg
          aria-hidden={true}
          className="MuiSvgIcon-root makeStyles-openIcon-13 MuiSvgIcon-fontSizeSmall"
          focusable="false"
          viewBox="0 0 24 24"
        >
          <path
            d="M19 19H5V5h7V3H5c-1.11 0-2 .9-2 2v14c0 1.1.89 2 2 2h14c1.1 0 2-.9 2-2v-7h-2v7zM14 3v2h3.59l-9.83 9.83 1.41 1.41L19 6.41V10h2V3h-7z"
          />
        </svg>
      </a>
    </p>
  </div>
</div>
`;
